500 326
97 500
500 388
340 500
302 500
500 494
132 500
74 500
500 88
500 470