2
1
5
2
3
1
4
1
1
0
7
4
1
6
8
6
1
6
0
5
5
5
4
8
6
4
7
9
1
6
3
5
5
1
7
2
2
3
1
2
0
7
9
2
4
8
8
7
8
7
5
2
1
9
6
0
4
3
2
5
8
8
1
8
0
7
3
7
0
7
9
1
7
1
9
2
7
5
0
0
1
8
0
5
0
6
2
6
1
0
5
1
8
3
0
0
9
4
2
5
6
2
9
7
5
1
9
2
4
2
6
3
2
2
1
0
2
0
4
7
7
3
9
5
2
9
3
6
0
6
0
3
4
0
5
0