775088707
775088707
775088707
775088707
775088707
775088707
775088707
775088707
775088707
775088707
775088707
775088707
807350731