14
15
12
8
-1
15
10
16
4
7
17
7
-1
13
2
7
16
8
3
-1