7
5
18
14
5
6
5
14
11
19
13
15
10
15
2
3
8
5
20
14