-1
7
9
-1
2
-1
8
8
-1
10
10
2
5
10
-1
-1
-1
-1
-1
-1