-1
-1
-1
-1
-1
-1
-1
-1
4
-1
7
5
10
-1
-1
5
-1
-1
8
4