13
-1
18
19
14
-1
16
11
9
19
4
-1
9
4
9
15
3
18
17
-1