22
0 17 26 43 47 54 62 71 77 79 88 94 103 105 111 120 128 135 139 156 165 182