100000000000000000000000000000000000000000003999999 999999400000000000000000000000000000000000000000000