5
2
4
3
4
3
2
2
2
3
3
3
2
4
2
5
4
5
1
4
4
2
4
4
3
5
4
3
3
4
5
4
6
3
4
4
5
4
3
6
4
4
5
5
6
5
3
5
4
0