100000000000000000000415111111111111112222222223333344555