YES
34
1 2
2 3
3 4
6 7
6 8
8 9
9 10
10 11
11 12
12 13
13 14
15 16
16 17
17 19
19 21
20 23
22 24
24 25
25 26
27 28
28 29
30 31
30 32
31 33
32 34
35 36
35 37
36 38
37 40
39 41
40 42
41 43
42 44
44 45