YES
33
1 2
1 3
3 4
6 7
6 8
8 9
9 11
10 12
12 14
14 15
16 17
18 19
18 20
19 21
20 22
22 23
23 25
25 27
26 28
27 29
28 32
30 33
32 34
33 35
34 37
37 41
40 43
41 44
43 45
44 46
45 47
46 48
47 48