YES
40
1 2
1 3
2 6
7 8
7 9
8 10
9 11
10 12
11 13
13 14
14 15
16 17
16 18
17 20
18 21
20 22
21 23
22 24
23 25
25 26
27 28
27 29
28 30
29 31
32 33
33 34
35 36
35 38
37 39
38 40
39 41
40 42
41 43
42 44
44 45
45 46
46 47
47 49
48 50
49 50