YES
46
1 2
1 3
2 4
3 5
4 6
5 7
6 8
8 9
10 11
10 12
11 13
12 14
13 15
14 16
15 17
16 18
18 19
19 20
20 21
21 22
22 23
23 24
24 25
25 26
26 27
27 28
28 29
29 30
30 31
31 32
32 33
33 34
34 36
35 37
36 38
37 39
38 40
39 41
40 42
41 43
43 44
44 46
45 47
46 48
47 49
48 49