YES
42
1 2
3 4
4 6
6 7
7 8
8 9
10 11
10 12
11 13
12 14
13 15
14 16
15 17
16 18
17 19
18 20
19 21
20 22
21 23
23 24
24 25
25 27
26 28
27 30
28 31
30 32
32 33
33 34
34 35
35 36
37 38
37 39
39 40
40 41
41 42
42 43
43 44
44 46
45 47
46 48
47 49
48 49