YES
48
1 2
1 3
2 4
4 5
5 6
6 7
7 8
8 9
9 10
10 11
11 12
12 13
13 14
14 15
15 16
16 17
17 18
18 19
19 20
20 21
21 22
22 23
23 24
24 25
26 27
26 28
27 29
28 30
29 31
30 32
31 33
32 34
33 35
34 36
35 37
36 38
38 39
39 40
40 41
41 42
42 43
43 44
44 45
45 46
46 47
47 49
48 50
49 50