YES
21
2 3
2 4
5 7
9 10
10 11
12 14
15 17
15 18
17 19
19 20
22 23
24 25
26 27
28 29
28 30
31 36
36 37
38 39
40 41
40 47
46 48