YES
37
1 2
2 3
4 5
4 6
5 7
6 9
7 10
9 11
10 13
11 14
13 15
15 17
16 19
18 20
21 22
21 23
22 24
23 25
25 26
27 28
27 29
28 30
29 31
30 33
32 34
33 35
34 36
37 38
37 39
39 40
40 41
41 42
42 44
45 46
46 47
47 48
48 49