987063033
173694153
549964130
871153684
815851236
953072227
920418929
939054799
907091597
708315953
562318243
708315953
473118330
952903528
803828899
921100800
984128085
285103686
840440422
832263643
708315953
696593623
984128085
708315953
377326849
920418929
814353290
921323813
510500789
631912246
980902600
921323813
918008811
360856093
832263643
533050111
363126427
797467084
807828043
562318243
644643132
201105898
953072227
738376007
815851236
953072227
563879269
510500789
856400971
666190995
957595695
631912246
984128085
966866044
807828043
832263643
921323813
966866044
890826080
510500789
856400971
984128085
631912246
803828899
804912373
785446423
465572561
939054799
984128085
957595695
918008811
726542539
920418929
920418929
921323813
173694153
510500789
659602017
888688177
856400971
921222336
952903528
921100800
473118330
631912246
696593623
966866044
987063033
921100800
957595695
888688177
957595695
659602017
871153684
803828899
939054799
957595695
473118330
957595695
953072227