1000000000000000000000000000000000000000000000000000000000000000000000000000000000000000000007 8000000000000000000000000000000000000000000000000000000000000000000000000000000000000000000000