1
2
1
6
1
1
0
1
6
0
1
5
1
1
3
8
1
1
1
1
2
7
1
3
2
1
3
1
1
3
5
3
1
1
1
1
1
1
1
1
1
4
1
2
9
1
1
6
5
6
5
6
0
7
6
3
1
7
4
8
1
1
1
6
1
1
1
1
1
9
1
8
2
1
6
1
5
1
0
1
1
1
2
1
3
1
1
1
3
1
9
1
3
8
5
0
1
1
7
1
1
1
5
1
4
1
7
2
5
1
2
5
1
9
8
7
5
3
1
1
1
1
6
8
1
4
1
1
4
1
3
5
9
0
3
0
4
6
1
1
6
3
1
1
0
1
1
1
1
2
2
1
0
5
1
9
8
1
1
7
1
1
1
1
6
9
1
2
2
8
1
3
1
1
5
1
1
3
1
1
2
1
1
1
8
1
1
2
9
9
1
1
3
1
1
9
1
1
7
1
2
1
1
3
1
7
1
5
1
1
1
5
3
1
7
1
1
0
1
1
1
0
2
2
1
1
5
3
8
1
2
1
4
5
1
3
9
8
1
2
1
7
4
1
1
1
1
6
1
2
8
8
9
1
1
1
1
7
1
1
4
8
5
8
1
1
1
9
1
2
4
9
2
1
1
1
3
1
1
0
2
4
1
1
1
7
4
2
1
9
3
4
9
1
8
1
1
9
0
1
1
6
7
2
1
1
7
1
1
1
9
2
5
2
1
7
1
5
8
1
4
8
5
9
1
1
5
7
2
6
9
1
8
1
1
1
1
1
1
9
4
2
0
0
3
5
1
1
8
1
1
4
5
5
1
1
1
9
7
1
8
1
1
1
3
2
8
1
8
4
3
6
1
3
3
5
1
8
9
1
9
0
4
1
4
3
1
8
1
1
9
8
1
5
1
1
7
1
1
1
1
1
6
4
1
7
1
1
5
2
6
1
7
4
1
0
1
7
1
8
1
5
1
7
1
5
1
7
2
5
1
2
3
9
6
1
1
1
1
1
1
1
0
8
1
9
1
3
2
8
3
1
5
6
0
1
1
5
1
1
0
7
4
3
5
1
2
4
1
6
1
6
1
8
0
1
1
5
0
1
1
0
6
5
1
1
1
1
1
8
7
8
1
6
1
6
7