1
1
6
5
1
6
5
9
1
8
3
6
2
7
2
1
0
9
1
8
0
2
4
7
8
4
8
7
2
5
2
2
6
7
6
8
6
3
7
0
0
3
2
3
2
2
5
5
9
6
0
6
2
8
2
6
2
6
5
6
4
1
1
1
1
5
7
2
8
2
2
2
5
7
9
1
1
2
3
4
7
2
0
2
6
1
7
5
7
8
2
1
5
2
4
3
4
0
5
6
5
0
5
7
9
0
8
5
5
4
0
8
4
0
6
1
8
4
2
9
6
7
9
6
6
4
9
3
6
1
4
1
1
2
4
4
2
4
1
0
8
6
0