Ashishgup
Ashishgup
Ashishgup
FastestFinger
FastestFinger
Ashishgup
Ashishgup