Ashishgup
Ashishgup
FastestFinger
FastestFinger
Ashishgup
FastestFinger
Ashishgup