aaabb
aabab
baaba
aaabb
abb
bab
aaaaabaaaaabaaaaaaaa