aaabb
aabab
baaba
bbaaa
abb
bab
aaaaaaaaaaaaaaababaa