9
18
15
8
12
-1
13
19
14
6
11
11
18
6
5
4
17
17
19
17