6
8
19
15
11
2
4
14
14
14
19
16
18
2
13
5
13
17
13