5
17
19
13
12
19
15
15
-1
-1
18
18
13
5
5
10
11
16
7