19
3
4
16
5
15
-1
13
17
10
9
18
17
16
10
4
17
17
13
-1