13
12
8
4
2
16
-1
6
19
17
5
15
14
-1
13
4
12
19
-1
8