16
-1
-1
16
-1
-1
5
2
4
8
-1
10
-1
3
13
14
-1
11
19