YES
40
1 3
1 4
3 5
4 6
5 7
6 8
9 10
9 11
10 12
11 13
12 14
14 15
15 16
17 18
17 19
18 20
20 21
21 22
22 23
23 24
24 25
25 26
27 29
27 31
29 32
31 33
32 34
33 35
34 37
36 38
37 39
38 40
39 41
40 42
42 43
43 44
44 45
45 46
46 48
47 48