YES
37
1 2
2 3
3 4
5 6
6 7
8 9
8 10
10 11
11 12
13 14
13 15
14 16
15 17
16 18
17 19
20 21
20 22
21 23
22 24
24 25
25 27
27 28
28 29
29 30
30 31
33 34
34 35
36 37
36 38
38 39
40 41
40 42
41 43
42 45
44 46
45 47
46 48