YES
32
1 2
1 3
4 5
4 6
5 7
6 8
7 10
8 15
10 16
16 17
17 19
18 20
21 23
24 25
24 27
25 28
27 29
28 30
30 31
32 33
33 35
34 38
35 39
38 40
39 41
40 42
42 44
44 45
45 47
46 48
47 49
48 49