YES
41
1 2
1 3
2 4
3 7
4 8
7 9
8 10
9 11
12 13
12 14
13 15
15 16
16 18
19 20
19 21
20 22
21 23
22 24
24 25
25 26
27 28
27 29
28 30
29 31
31 32
32 33
34 35
34 36
35 37
36 38
37 39
39 41
41 42
42 43
43 44
44 45
45 46
46 47
47 49
48 50
49 50