YES
38
1 2
1 3
2 4
3 5
4 6
5 8
6 9
8 11
12 13
13 14
14 15
16 17
17 18
18 19
19 20
21 22
23 24
23 25
26 27
26 28
29 30
29 31
30 32
31 33
32 35
34 36
35 37
36 38
38 40
39 41
40 42
41 43
42 45
44 46
45 47
46 48
47 49
48 49