YES
35
1 2
1 3
4 5
4 6
6 7
7 8
8 9
10 11
11 12
13 14
14 15
15 16
16 17
18 19
18 20
21 22
21 23
24 25
24 26
27 28
29 30
29 31
30 32
31 33
32 34
34 35
35 36
37 38
38 39
39 41
41 43
42 45
43 46
46 47
48 49