10000000000000000000000000000000000000000000000000000000000000000000000000000000000000000000006 70000000000000000000000000000000000000000000000000000000000000000000000000000000000000000000000