100000019999999999999999999999999999999999999999999999999999999999999999999999999999999999999999999 999999999999999999999999999999999999999999999999999999999999999999999999999999999999999999920000000