10899999999999999999999999999999999999999999999999999999999999999999999999999999999999999999999 99999999999999999999999999999999999999999999999999999999999999999999999999999999999999999999900