500 88
132 500
340 500
500 494
500 470
500 74
500 326
302 500
500 388
97 500