475149461
393150831
996355383
636263857
475149461
859518523
840676933
991799910
859518523
206911930
859518523
578222865
636263857
947925061
375480143
550501651
882352063
603698262
695624752
947925061
839470116
801719960
991799910
284604439
772162736
856300387
499870045
707935806
700472095
720939164
720939164
629906705
857856130
855523428
772162736
519355753
840676933
304760735
517963556
996355383
458469529
700472095
695624752
844305184
206911930
973047423
393150831
973047423
991799910
237993459
393150831
991799910
996355383
800621240
877098003
710338866
844305184
877098003
835875469
855523428
569821803
621451483
996355383
621451483
710338866
517963556
723233657
877098003
629906705
844305184
695624752
991799910
294096433
746984575
568471233
835875469
550501651
601381920
629906705
839470116
393150831
700472095
569821803
844305184
973047423
720570478
996355383
544631502
569821803
996355383
636263857
973047423
844305184
331727049
973047423
815523063
857856130
973047423
452997571
996355383