FastestFinger
FastestFinger
Ashishgup
FastestFinger
Ashishgup
Ashishgup
Ashishgup