FastestFinger
FastestFinger
FastestFinger
Ashishgup
FastestFinger
FastestFinger
FastestFinger