32
0 1 4 5 8 9 12 13 64 65 68 69 72 73 76 77 397 398 401 402 405 406 409 410 461 462 465 466 469 470 473 474